// Jest Snapshot v1, https://goo.gl/fbAQLP

exports[`Layout component should render correctly 1`] = `
<div>
  <div
    class="bg-primary-blue min-h-screen"
  >
    <div
      class="bg-[#543969] rounded-[50%] rotate-[10deg] blur-[150px] w-[120vw] md:w-[100vw] h-[40vh] fixed top-[-20vh] left-[-50vw] z-0"
    />
    <div
      class="relative z-10"
    >
      <nav
        class="p-25 w-max flex flex-col fixed top-0 left-0"
      >
        <a
          class="text-white py-15 px-2 flex gap-15 opacity-50 font-bold"
          href="/"
        >
          Home
        </a>
        <a
          class="text-white py-15 px-2 flex gap-15 opacity-50 font-bold"
          href="/store"
        >
          Store
        </a>
        <a
          class="text-white py-15 px-2 flex gap-15 opacity-50 font-bold"
          href="/profile"
        >
          Profile
        </a>
      </nav>
      <main
        class="py-25"
      >
        <div />
      </main>
    </div>
  </div>
</div>
`;
